bash: virtualenvwrapper.sh: No such file or directory

Shashwat@DESKTOP-H5PIUV5 MINGW64 ~
$ cd /d/python-project/myproject

Shashwat@DESKTOP-H5PIUV5 MINGW64 /d/python-project/myproject (master)
$ cd /d/python-project/myproject/venv

Shashwat@DESKTOP-H5PIUV5 MINGW64 /d/python-project/myproject/venv (master)
$ source Scripts/activate
(venv)
Shashwat@DESKTOP-H5PIUV5 MINGW64 /d/python-project/myproject/venv (master)
$ cd /d/python-project/myproject
(venv)
Shashwat@DESKTOP-H5PIUV5 MINGW64 /d/python-project/myproject (master)
$ pip freeze > requirements.txt
(venv)
Shashwat@DESKTOP-H5PIUV5 MINGW64 /d/python-project/myproject (master)
$ ls
 basicGUI.py   gridGUI.py   projectGUI_just_the_basic_window.py   requirements.txt  'Tracking Git Bash Progress'/   venv/
(venv)
Shashwat@DESKTOP-H5PIUV5 MINGW64 /d/python-project/myproject (master)
$ git add --all
warning: LF will be replaced by CRLF in .idea/workspace.xml.
The file will have its original line endings in your working directory
(venv)
Shashwat@DESKTOP-H5PIUV5 MINGW64 /d/python-project/myproject (master)
$ git status
On branch master
Changes to be committed:
  (use "git reset HEAD <file>..." to unstage)

        modified:   .idea/workspace.xml
        new file:   gridGUI.py
        new file:   projectGUI_just_the_basic_window.py

(venv)
Shashwat@DESKTOP-H5PIUV5 MINGW64 /d/python-project/myproject (master)
$ git commit -m "Basic GUI for project created with entry etc."
[master d8a57a6] Basic GUI for project created with entry etc.
 3 files changed, 163 insertions(+), 19 deletions(-)
 create mode 100644 gridGUI.py
 create mode 100644 projectGUI_just_the_basic_window.py
(venv)
Shashwat@DESKTOP-H5PIUV5 MINGW64 /d/python-project/myproject (master)
$ git log
commit d8a57a6701126fa1c4c28faa51d751c1cdbcdd05 (HEAD -> master)
Author: Shashwat Agrawal <shashwat1999@gmail.com>
Date:   Tue Jul 16 22:28:41 2019 +0530

    Basic GUI for project created with entry etc.

commit 92b6da84e6445fee66e59dd20f5705f8f3e50a0f (origin/master)
Author: Shashwat Agrawal <shashwat1999@gmail.com>
Date:   Sat Jul 6 22:48:04 2019 +0530

    Basic GUI window created.

commit 1359e16b7d2a2611a56b772c8da25ecc630558a3
Author: Shashwat Agrawal <shashwat1999@gmail.com>
Date:   Sat Jul 6 21:13:50 2019 +0530

    Basic GUI window created.
(venv)
Shashwat@DESKTOP-H5PIUV5 MINGW64 /d/python-project/myproject (master)
$ git remote add origin https://github.com/cluelessno1/learning-on-my-own.git
fatal: remote origin already exists.
(venv)
Shashwat@DESKTOP-H5PIUV5 MINGW64 /d/python-project/myproject (master)
$ git push origin master
Enumerating objects: 9, done.
Counting objects: 100% (9/9), done.
Delta compression using up to 4 threads
Compressing objects: 100% (6/6), done.
Writing objects: 100% (6/6), 2.14 KiB | 1.07 MiB/s, done.
Total 6 (delta 2), reused 0 (delta 0)
remote: Resolving deltas: 100% (2/2), completed with 2 local objects.
To https://github.com/cluelessno1/learning-on-my-own.git
   92b6da8..d8a57a6  master -> master
(venv)
Shashwat@DESKTOP-H5PIUV5 MINGW64 /d/python-project/myproject (master)
$
